
===== 0. cluster =====
cluster m1m4 already exists; reusing it
+ k get nodes -o custom-columns=NODE:.metadata.name,VERSION:.status.nodeInfo.kubeletVersion
NODE                 VERSION
m1m4-control-plane   v1.31.0
m1m4-worker          v1.31.0
m1m4-worker2         v1.31.0

===== 1. build and load images, install CRDs, deploy the operator and the fake device plugin =====
+ make docker-build IMG=controller:latest
docker build -t controller:latest .
DEPRECATED: The legacy builder is deprecated and will be removed in a future release.
            Install the buildx component to build images with BuildKit:
            https://docs.docker.com/go/buildx/

Sending build context to Docker daemon  2.298MB
Step 1/14 : FROM golang:1.26 AS builder
 ---> ae5a2316d12f
Step 2/14 : ARG TARGETOS
 ---> Using cache
 ---> b895f7e0385c
Step 3/14 : ARG TARGETARCH
 ---> Using cache
 ---> e15038479dfc
Step 4/14 : WORKDIR /workspace
 ---> Using cache
 ---> 8ede8b3c1fc8
Step 5/14 : COPY go.mod go.mod
 ---> Using cache
 ---> fcdf2d0e8115
Step 6/14 : COPY go.sum go.sum
 ---> Using cache
 ---> a74d762ceb29
Step 7/14 : RUN go mod download
 ---> Using cache
 ---> a8e3830123ea
Step 8/14 : COPY . .
 ---> Using cache
 ---> bfc60cbe9f82
Step 9/14 : RUN CGO_ENABLED=0 GOOS=${TARGETOS:-linux} GOARCH=${TARGETARCH} go build -a -o manager cmd/main.go
 ---> Using cache
 ---> b159d6dac503
Step 10/14 : FROM gcr.io/distroless/static:nonroot
 ---> f7f8f729987a
Step 11/14 : WORKDIR /
 ---> Using cache
 ---> a90f61dacaf8
Step 12/14 : COPY --from=builder /workspace/manager .
 ---> Using cache
 ---> a5826f7b7163
Step 13/14 : USER 65532:65532
 ---> Using cache
 ---> e87430d8a12a
Step 14/14 : ENTRYPOINT ["/manager"]
 ---> Using cache
 ---> 33846a80b9c3
Successfully built 33846a80b9c3
Successfully tagged controller:latest
+ make docker-build-gpu-simulator GPU_SIMULATOR_IMG=gpu-simulator:latest
docker build -t gpu-simulator:latest -f Dockerfile.gpu-simulator .
DEPRECATED: The legacy builder is deprecated and will be removed in a future release.
            Install the buildx component to build images with BuildKit:
            https://docs.docker.com/go/buildx/

Sending build context to Docker daemon  2.298MB
Step 1/14 : FROM golang:1.26 AS builder
 ---> ae5a2316d12f
Step 2/14 : ARG TARGETOS
 ---> Using cache
 ---> b895f7e0385c
Step 3/14 : ARG TARGETARCH
 ---> Using cache
 ---> e15038479dfc
Step 4/14 : WORKDIR /workspace
 ---> Using cache
 ---> 8ede8b3c1fc8
Step 5/14 : COPY go.mod go.mod
 ---> Using cache
 ---> fcdf2d0e8115
Step 6/14 : COPY go.sum go.sum
 ---> Using cache
 ---> a74d762ceb29
Step 7/14 : RUN go mod download
 ---> Using cache
 ---> a8e3830123ea
Step 8/14 : COPY . .
 ---> Using cache
 ---> bfc60cbe9f82
Step 9/14 : RUN CGO_ENABLED=0 GOOS=${TARGETOS:-linux} GOARCH=${TARGETARCH} go build -a -o gpu-simulator cmd/gpu-simulator/main.go
 ---> Using cache
 ---> 48418af3d7b0
Step 10/14 : FROM gcr.io/distroless/static:nonroot
 ---> f7f8f729987a
Step 11/14 : WORKDIR /
 ---> Using cache
 ---> a90f61dacaf8
Step 12/14 : COPY --from=builder /workspace/gpu-simulator .
 ---> Using cache
 ---> bb3ca342fe43
Step 13/14 : USER 65532:65532
 ---> Using cache
 ---> 87a2bdb7c32a
Step 14/14 : ENTRYPOINT ["/gpu-simulator"]
 ---> Using cache
 ---> 4ed8d4a424cc
Successfully built 4ed8d4a424cc
Successfully tagged gpu-simulator:latest
+ kind load docker-image controller:latest --name m1m4
Image: "controller:latest" with ID "sha256:33846a80b9c3810c6d1b893725278c4867d76bea1276aa7efc2b7f456e7b343f" not yet present on node "m1m4-worker", loading...
Image: "controller:latest" with ID "sha256:33846a80b9c3810c6d1b893725278c4867d76bea1276aa7efc2b7f456e7b343f" not yet present on node "m1m4-worker2", loading...
Image: "controller:latest" with ID "sha256:33846a80b9c3810c6d1b893725278c4867d76bea1276aa7efc2b7f456e7b343f" not yet present on node "m1m4-control-plane", loading...
+ kind load docker-image gpu-simulator:latest --name m1m4
Image: "gpu-simulator:latest" with ID "sha256:4ed8d4a424ccc564cc56eaf3e2dcfc3515814c9dec9dd56dea33dbab26b356fd" not yet present on node "m1m4-worker", loading...
Image: "gpu-simulator:latest" with ID "sha256:4ed8d4a424ccc564cc56eaf3e2dcfc3515814c9dec9dd56dea33dbab26b356fd" not yet present on node "m1m4-worker2", loading...
Image: "gpu-simulator:latest" with ID "sha256:4ed8d4a424ccc564cc56eaf3e2dcfc3515814c9dec9dd56dea33dbab26b356fd" not yet present on node "m1m4-control-plane", loading...
+ docker build -t serving-stub:e2e hack/serving-stub
DEPRECATED: The legacy builder is deprecated and will be removed in a future release.
            Install the buildx component to build images with BuildKit:
            https://docs.docker.com/go/buildx/

Sending build context to Docker daemon  3.584kB
Step 1/3 : FROM python:3.12-slim
 ---> 2f17fc044b57
Step 2/3 : COPY server.py /server.py
 ---> Using cache
 ---> 8882303a1e89
Step 3/3 : ENTRYPOINT ["python3", "/server.py"]
 ---> Using cache
 ---> 8a8e2b9ceb86
Successfully built 8a8e2b9ceb86
Successfully tagged serving-stub:e2e
+ kind load docker-image serving-stub:e2e --name m1m4
Image: "serving-stub:e2e" with ID "sha256:8a8e2b9ceb8649a622f15343ffc3e91d4fea8dae483bfdd8b8249a4c7f8cffb1" not yet present on node "m1m4-worker", loading...
Image: "serving-stub:e2e" with ID "sha256:8a8e2b9ceb8649a622f15343ffc3e91d4fea8dae483bfdd8b8249a4c7f8cffb1" not yet present on node "m1m4-worker2", loading...
Image: "serving-stub:e2e" with ID "sha256:8a8e2b9ceb8649a622f15343ffc3e91d4fea8dae483bfdd8b8249a4c7f8cffb1" not yet present on node "m1m4-control-plane", loading...
customresourcedefinition.apiextensions.k8s.io/gpuquotapolicies.platform.lkhun9311.github.io serverside-applied
customresourcedefinition.apiextensions.k8s.io/inferencedeployments.platform.lkhun9311.github.io serverside-applied
customresourcedefinition.apiextensions.k8s.io/mltrainingjobs.platform.lkhun9311.github.io serverside-applied
customresourcedefinition.apiextensions.k8s.io/nodehealths.platform.lkhun9311.github.io serverside-applied
customresourcedefinition.apiextensions.k8s.io/workloadruns.platform.lkhun9311.github.io serverside-applied
Kueue already installed; reusing it
deployment.apps/kueue-controller-manager condition met
namespace/gpu-platform-control-plane-system serverside-applied
serviceaccount/gpu-platform-control-plane-controller-manager serverside-applied
role.rbac.authorization.k8s.io/gpu-platform-control-plane-leader-election-role serverside-applied
clusterrole.rbac.authorization.k8s.io/gpu-platform-control-plane-gpuquotapolicy-admin-role serverside-applied
clusterrole.rbac.authorization.k8s.io/gpu-platform-control-plane-gpuquotapolicy-editor-role serverside-applied
clusterrole.rbac.authorization.k8s.io/gpu-platform-control-plane-gpuquotapolicy-viewer-role serverside-applied
clusterrole.rbac.authorization.k8s.io/gpu-platform-control-plane-inferencedeployment-admin-role serverside-applied
clusterrole.rbac.authorization.k8s.io/gpu-platform-control-plane-inferencedeployment-editor-role serverside-applied
clusterrole.rbac.authorization.k8s.io/gpu-platform-control-plane-inferencedeployment-viewer-role serverside-applied
clusterrole.rbac.authorization.k8s.io/gpu-platform-control-plane-manager-role serverside-applied
clusterrole.rbac.authorization.k8s.io/gpu-platform-control-plane-metrics-auth-role serverside-applied
clusterrole.rbac.authorization.k8s.io/gpu-platform-control-plane-metrics-reader serverside-applied
clusterrole.rbac.authorization.k8s.io/gpu-platform-control-plane-mltrainingjob-admin-role serverside-applied
clusterrole.rbac.authorization.k8s.io/gpu-platform-control-plane-mltrainingjob-editor-role serverside-applied
clusterrole.rbac.authorization.k8s.io/gpu-platform-control-plane-mltrainingjob-viewer-role serverside-applied
clusterrole.rbac.authorization.k8s.io/gpu-platform-control-plane-nodehealth-admin-role serverside-applied
clusterrole.rbac.authorization.k8s.io/gpu-platform-control-plane-nodehealth-editor-role serverside-applied
clusterrole.rbac.authorization.k8s.io/gpu-platform-control-plane-nodehealth-viewer-role serverside-applied
rolebinding.rbac.authorization.k8s.io/gpu-platform-control-plane-leader-election-rolebinding serverside-applied
clusterrolebinding.rbac.authorization.k8s.io/gpu-platform-control-plane-manager-rolebinding serverside-applied
clusterrolebinding.rbac.authorization.k8s.io/gpu-platform-control-plane-metrics-auth-rolebinding serverside-applied
deployment.apps/gpu-platform-control-plane-controller-manager serverside-applied
operator deployment: deployment.apps/gpu-platform-control-plane-controller-manager
deployment.apps/gpu-platform-control-plane-controller-manager image updated
deployment.apps/gpu-platform-control-plane-controller-manager patched (no change)
daemonset.apps/gpu-simulator configured
daemonset.apps/gpu-simulator env updated
daemonset.apps/gpu-simulator patched (no change)
deployment.apps/gpu-platform-control-plane-controller-manager restarted
daemonset.apps/gpu-simulator restarted
+ k -n gpu-platform-control-plane-system rollout status deployment.apps/gpu-platform-control-plane-controller-manager --timeout=180s
Waiting for deployment "gpu-platform-control-plane-controller-manager" rollout to finish: 1 old replicas are pending termination...
Waiting for deployment "gpu-platform-control-plane-controller-manager" rollout to finish: 1 old replicas are pending termination...
deployment "gpu-platform-control-plane-controller-manager" successfully rolled out
+ k -n gpu-platform-control-plane-system rollout status ds/gpu-simulator --timeout=180s
daemon set "gpu-simulator" successfully rolled out
waiting for a node to advertise nvidia.com/gpu...
  a node advertises nvidia.com/gpu=0
  the CRDs this operator owns:
+ k get crd -o name
customresourcedefinition.apiextensions.k8s.io/admissionchecks.kueue.x-k8s.io
customresourcedefinition.apiextensions.k8s.io/clusterqueues.kueue.x-k8s.io
customresourcedefinition.apiextensions.k8s.io/cohorts.kueue.x-k8s.io
customresourcedefinition.apiextensions.k8s.io/gpuquotapolicies.platform.lkhun9311.github.io
customresourcedefinition.apiextensions.k8s.io/inferencedeployments.platform.lkhun9311.github.io
customresourcedefinition.apiextensions.k8s.io/localqueues.kueue.x-k8s.io
customresourcedefinition.apiextensions.k8s.io/mltrainingjobs.platform.lkhun9311.github.io
customresourcedefinition.apiextensions.k8s.io/multikueueclusters.kueue.x-k8s.io
customresourcedefinition.apiextensions.k8s.io/multikueueconfigs.kueue.x-k8s.io
customresourcedefinition.apiextensions.k8s.io/nodehealths.platform.lkhun9311.github.io
customresourcedefinition.apiextensions.k8s.io/provisioningrequestconfigs.kueue.x-k8s.io
customresourcedefinition.apiextensions.k8s.io/resourceflavors.kueue.x-k8s.io
customresourcedefinition.apiextensions.k8s.io/topologies.kueue.x-k8s.io
customresourcedefinition.apiextensions.k8s.io/workloadpriorityclasses.kueue.x-k8s.io
customresourcedefinition.apiextensions.k8s.io/workloadruns.platform.lkhun9311.github.io
customresourcedefinition.apiextensions.k8s.io/workloads.kueue.x-k8s.io

===== 2. M2 NodeHealth mirrors the node, and quarantine taints it =====
  target node: m1m4-worker
nodehealth.platform.lkhun9311.github.io/nh-m1m4-worker unchanged
  nodehealth/nh-m1m4-worker {.status.phase} = Ready  (after 0s)
  no unhealthy taint while the node is Ready, as required
  -- stopping the kubelet so the Node goes NotReady --
+ docker exec m1m4-worker systemctl stop kubelet
  nodehealth/nh-m1m4-worker {.status.phase} = Quarantine  (after 33s)
  taint present on m1m4-worker (after 0s)
  the taint the quarantine applied:
+ k get node m1m4-worker -o jsonpath={.spec.taints}
[{"effect":"NoSchedule","key":"platform.lkhun9311.github.io/unhealthy","value":"true"},{"effect":"NoSchedule","key":"node.kubernetes.io/unreachable","timeAdded":"2026-09-29T11:34:05Z"}]
  fault signal recorded on the CR:
+ k get nodehealth/nh-m1m4-worker -o jsonpath={.status.faultSignal}
{"source":"node-not-ready"}
  -- restarting the kubelet; the taint must come off, not merely the phase --
+ docker exec m1m4-worker systemctl start kubelet
  nodehealth/nh-m1m4-worker {.status.phase} = Ready  (after 3s)
  taint absent from m1m4-worker (after 0s)

===== 3. M3 GPUQuotaPolicy syncs a ResourceQuota that actually binds =====
+ k delete gpuquotapolicy m1m4-policy m1m4-collide --ignore-not-found --wait=true --timeout=120s
gpuquotapolicy.platform.lkhun9311.github.io "m1m4-policy" deleted
  tenant namespace exists from an earlier run; deleting it so this run starts from nothing
+ k delete namespace m1m4-tenant --wait=true --timeout=180s
namespace "m1m4-tenant" deleted
+ k create namespace m1m4-tenant
namespace/m1m4-tenant created
gpuquotapolicy.platform.lkhun9311.github.io/m1m4-policy created
  gpuquotapolicy/m1m4-policy {.status.phase} = Synced  (after 0s)
  the ResourceQuota the policy created, with its hard ceiling:
+ k -n m1m4-tenant get resourcequota gpuquota-m1m4-policy -o jsonpath={.spec.hard}
{"requests.nvidia.com/gpu":"1"}
  -- a pod asking for 2 GPUs against a ceiling of 1 must be REFUSED --
Error from server (Forbidden): error when creating "STDIN": pods "over-quota" is forbidden: exceeded quota: gpuquota-m1m4-policy, requested: requests.nvidia.com/gpu=2, used: requests.nvidia.com/gpu=0, limited: requests.nvidia.com/gpu=1
  refused, as the ceiling requires. The API server said:
    Error from server (Forbidden): error when creating "STDIN": pods "over-quota" is forbidden: exceeded quota: gpuquota-m1m4-policy, requested: requests.nvidia.com/gpu=2, used: requests.nvidia.com/gpu=0, limited: requests.nvidia.com/gpu=1

===== 4. a policy refuses to take over a same-named ResourceQuota it does not own =====
resourcequota/gpuquota-m1m4-collide created
gpuquotapolicy.platform.lkhun9311.github.io/m1m4-collide created
  gpuquotapolicy/m1m4-collide {.status.phase} = Degraded  (after 0s)
  the refusal it recorded:
+ k get gpuquotapolicy m1m4-collide -o jsonpath={.status.conditions[?(@.type=="Synced")].message}
ResourceQuota m1m4-tenant/gpuquota-m1m4-collide already exists and is not owned by this policy
  and the planted object, which must still be the one that was planted:
    {"pods":"7"}
  untouched: the policy neither hijacked nor deleted it
+ k delete gpuquotapolicy m1m4-collide
gpuquotapolicy.platform.lkhun9311.github.io "m1m4-collide" deleted

===== 5. M4-a InferenceDeployment walks the phase ladder =====
  GPU capacity by node before scheduling a serving replica:
+ k get nodes -o custom-columns=NODE:.metadata.name,GPU:.status.allocatable.nvidia\.com/gpu
NODE                 GPU
m1m4-control-plane   2
m1m4-worker          0
m1m4-worker2         2
inferencedeployment.platform.lkhun9311.github.io/m1m4-serving created
  -n m1m4-tenant inferencedeployment/m1m4-serving {.status.phase} = Ready  (after 3s)
  the Available condition's reason with a replica up:
+ k -n m1m4-tenant get inferencedeployment m1m4-serving -o jsonpath={.status.conditions[?(@.type=="Available")].reason}
MinimumReplicasAvailable
  the Deployment and Service it created:
+ k -n m1m4-tenant get deploy,svc -o name
deployment.apps/m1m4-serving
service/m1m4-serving
  the pod's own readiness, and its restart count:
+ k -n m1m4-tenant get pods -l app.kubernetes.io/instance=m1m4-serving -o custom-columns=POD:.metadata.name,READY:.status.containerStatuses[0].ready,RESTARTS:.status.containerStatuses[0].restartCount,NODE:.spec.nodeName
POD                             READY   RESTARTS   NODE
m1m4-serving-779788d796-9wn6n   true    0          m1m4-worker2
  -- scaled to zero: 'zero wanted' and 'none ready yet' must not read the same --
+ k -n m1m4-tenant patch inferencedeployment m1m4-serving --type=merge -p {"spec":{"replicas":0}}
inferencedeployment.platform.lkhun9311.github.io/m1m4-serving patched
  -n m1m4-tenant inferencedeployment/m1m4-serving {.status.phase} = Ready  (after 3s)
  -n m1m4-tenant inferencedeployment/m1m4-serving {.status.conditions[?(@.type=="Available")].reason} = ScaledToZero  (after 0s)

===== done =====
evidence: hack/m1-m4-e2e-evidence.log
the cluster is left standing; tear it down with: kind delete cluster --name m1m4
