
===== 1. create kind cluster (m6clean) =====
cluster m6clean already exists; reusing it (delete it first for a clean run)
+ k cluster-info
Kubernetes control plane is running at https://127.0.0.1:37673
CoreDNS is running at https://127.0.0.1:37673/api/v1/namespaces/kube-system/services/kube-dns:dns/proxy

To further debug and diagnose cluster problems, use 'kubectl cluster-info dump'.

===== 2. install Kueue v0.18.3 =====
Kueue already installed; reusing it
waiting for kueue-controller-manager to become Available...
deployment.apps/kueue-controller-manager condition met
+ k -n kueue-system get pods
NAME                                        READY   STATUS    RESTARTS   AGE
kueue-controller-manager-788fb4b79f-p56ts   1/1     Running   0          3m54s

===== 3. build and load operator + gpu-simulator images =====
+ make docker-build IMG=controller:latest
docker build -t controller:latest .
DEPRECATED: The legacy builder is deprecated and will be removed in a future release.
            Install the buildx component to build images with BuildKit:
            https://docs.docker.com/go/buildx/

Sending build context to Docker daemon  2.298MB
Step 1/14 : FROM golang:1.26 AS builder
 ---> ae5a2316d12f
Step 2/14 : ARG TARGETOS
 ---> Using cache
 ---> b895f7e0385c
Step 3/14 : ARG TARGETARCH
 ---> Using cache
 ---> e15038479dfc
Step 4/14 : WORKDIR /workspace
 ---> Using cache
 ---> 8ede8b3c1fc8
Step 5/14 : COPY go.mod go.mod
 ---> Using cache
 ---> fcdf2d0e8115
Step 6/14 : COPY go.sum go.sum
 ---> Using cache
 ---> a74d762ceb29
Step 7/14 : RUN go mod download
 ---> Using cache
 ---> a8e3830123ea
Step 8/14 : COPY . .
 ---> Using cache
 ---> bfc60cbe9f82
Step 9/14 : RUN CGO_ENABLED=0 GOOS=${TARGETOS:-linux} GOARCH=${TARGETARCH} go build -a -o manager cmd/main.go
 ---> Using cache
 ---> b159d6dac503
Step 10/14 : FROM gcr.io/distroless/static:nonroot
 ---> f7f8f729987a
Step 11/14 : WORKDIR /
 ---> Using cache
 ---> a90f61dacaf8
Step 12/14 : COPY --from=builder /workspace/manager .
 ---> Using cache
 ---> a5826f7b7163
Step 13/14 : USER 65532:65532
 ---> Using cache
 ---> e87430d8a12a
Step 14/14 : ENTRYPOINT ["/manager"]
 ---> Using cache
 ---> 33846a80b9c3
Successfully built 33846a80b9c3
Successfully tagged controller:latest
+ make docker-build-gpu-simulator GPU_SIMULATOR_IMG=gpu-simulator:latest
docker build -t gpu-simulator:latest -f Dockerfile.gpu-simulator .
DEPRECATED: The legacy builder is deprecated and will be removed in a future release.
            Install the buildx component to build images with BuildKit:
            https://docs.docker.com/go/buildx/

Sending build context to Docker daemon  2.298MB
Step 1/14 : FROM golang:1.26 AS builder
 ---> ae5a2316d12f
Step 2/14 : ARG TARGETOS
 ---> Using cache
 ---> b895f7e0385c
Step 3/14 : ARG TARGETARCH
 ---> Using cache
 ---> e15038479dfc
Step 4/14 : WORKDIR /workspace
 ---> Using cache
 ---> 8ede8b3c1fc8
Step 5/14 : COPY go.mod go.mod
 ---> Using cache
 ---> fcdf2d0e8115
Step 6/14 : COPY go.sum go.sum
 ---> Using cache
 ---> a74d762ceb29
Step 7/14 : RUN go mod download
 ---> Using cache
 ---> a8e3830123ea
Step 8/14 : COPY . .
 ---> Using cache
 ---> bfc60cbe9f82
Step 9/14 : RUN CGO_ENABLED=0 GOOS=${TARGETOS:-linux} GOARCH=${TARGETARCH} go build -a -o gpu-simulator cmd/gpu-simulator/main.go
 ---> Using cache
 ---> 48418af3d7b0
Step 10/14 : FROM gcr.io/distroless/static:nonroot
 ---> f7f8f729987a
Step 11/14 : WORKDIR /
 ---> Using cache
 ---> a90f61dacaf8
Step 12/14 : COPY --from=builder /workspace/gpu-simulator .
 ---> Using cache
 ---> bb3ca342fe43
Step 13/14 : USER 65532:65532
 ---> Using cache
 ---> 87a2bdb7c32a
Step 14/14 : ENTRYPOINT ["/gpu-simulator"]
 ---> Using cache
 ---> 4ed8d4a424cc
Successfully built 4ed8d4a424cc
Successfully tagged gpu-simulator:latest
+ kind load docker-image controller:latest --name m6clean
Image: "controller:latest" with ID "sha256:33846a80b9c3810c6d1b893725278c4867d76bea1276aa7efc2b7f456e7b343f" not yet present on node "m6clean-control-plane", loading...
Image: "controller:latest" with ID "sha256:33846a80b9c3810c6d1b893725278c4867d76bea1276aa7efc2b7f456e7b343f" not yet present on node "m6clean-worker2", loading...
Image: "controller:latest" with ID "sha256:33846a80b9c3810c6d1b893725278c4867d76bea1276aa7efc2b7f456e7b343f" not yet present on node "m6clean-worker", loading...
+ kind load docker-image gpu-simulator:latest --name m6clean
Image: "gpu-simulator:latest" with ID "sha256:4ed8d4a424ccc564cc56eaf3e2dcfc3515814c9dec9dd56dea33dbab26b356fd" not yet present on node "m6clean-control-plane", loading...
Image: "gpu-simulator:latest" with ID "sha256:4ed8d4a424ccc564cc56eaf3e2dcfc3515814c9dec9dd56dea33dbab26b356fd" not yet present on node "m6clean-worker2", loading...
Image: "gpu-simulator:latest" with ID "sha256:4ed8d4a424ccc564cc56eaf3e2dcfc3515814c9dec9dd56dea33dbab26b356fd" not yet present on node "m6clean-worker", loading...

===== 4. install CRDs, deploy operator and fake GPU device plugin =====
customresourcedefinition.apiextensions.k8s.io/gpuquotapolicies.platform.lkhun9311.github.io serverside-applied
customresourcedefinition.apiextensions.k8s.io/inferencedeployments.platform.lkhun9311.github.io serverside-applied
customresourcedefinition.apiextensions.k8s.io/mltrainingjobs.platform.lkhun9311.github.io serverside-applied
customresourcedefinition.apiextensions.k8s.io/nodehealths.platform.lkhun9311.github.io serverside-applied
customresourcedefinition.apiextensions.k8s.io/workloadruns.platform.lkhun9311.github.io serverside-applied
namespace/gpu-platform-control-plane-system serverside-applied
serviceaccount/gpu-platform-control-plane-controller-manager serverside-applied
role.rbac.authorization.k8s.io/gpu-platform-control-plane-leader-election-role serverside-applied
clusterrole.rbac.authorization.k8s.io/gpu-platform-control-plane-gpuquotapolicy-admin-role serverside-applied
clusterrole.rbac.authorization.k8s.io/gpu-platform-control-plane-gpuquotapolicy-editor-role serverside-applied
clusterrole.rbac.authorization.k8s.io/gpu-platform-control-plane-gpuquotapolicy-viewer-role serverside-applied
clusterrole.rbac.authorization.k8s.io/gpu-platform-control-plane-inferencedeployment-admin-role serverside-applied
clusterrole.rbac.authorization.k8s.io/gpu-platform-control-plane-inferencedeployment-editor-role serverside-applied
clusterrole.rbac.authorization.k8s.io/gpu-platform-control-plane-inferencedeployment-viewer-role serverside-applied
clusterrole.rbac.authorization.k8s.io/gpu-platform-control-plane-manager-role serverside-applied
clusterrole.rbac.authorization.k8s.io/gpu-platform-control-plane-metrics-auth-role serverside-applied
clusterrole.rbac.authorization.k8s.io/gpu-platform-control-plane-metrics-reader serverside-applied
clusterrole.rbac.authorization.k8s.io/gpu-platform-control-plane-mltrainingjob-admin-role serverside-applied
clusterrole.rbac.authorization.k8s.io/gpu-platform-control-plane-mltrainingjob-editor-role serverside-applied
clusterrole.rbac.authorization.k8s.io/gpu-platform-control-plane-mltrainingjob-viewer-role serverside-applied
clusterrole.rbac.authorization.k8s.io/gpu-platform-control-plane-nodehealth-admin-role serverside-applied
clusterrole.rbac.authorization.k8s.io/gpu-platform-control-plane-nodehealth-editor-role serverside-applied
clusterrole.rbac.authorization.k8s.io/gpu-platform-control-plane-nodehealth-viewer-role serverside-applied
rolebinding.rbac.authorization.k8s.io/gpu-platform-control-plane-leader-election-rolebinding serverside-applied
clusterrolebinding.rbac.authorization.k8s.io/gpu-platform-control-plane-manager-rolebinding serverside-applied
clusterrolebinding.rbac.authorization.k8s.io/gpu-platform-control-plane-metrics-auth-rolebinding serverside-applied
deployment.apps/gpu-platform-control-plane-controller-manager serverside-applied
operator deployment: deployment.apps/gpu-platform-control-plane-controller-manager
deployment.apps/gpu-platform-control-plane-controller-manager image updated
deployment.apps/gpu-platform-control-plane-controller-manager patched (no change)
daemonset.apps/gpu-simulator configured
daemonset.apps/gpu-simulator env updated
daemonset.apps/gpu-simulator patched (no change)
deployment.apps/gpu-platform-control-plane-controller-manager restarted
daemonset.apps/gpu-simulator restarted
waiting for operator and device plugin rollouts...
Waiting for deployment "gpu-platform-control-plane-controller-manager" rollout to finish: 1 old replicas are pending termination...
Waiting for deployment "gpu-platform-control-plane-controller-manager" rollout to finish: 1 old replicas are pending termination...
deployment "gpu-platform-control-plane-controller-manager" successfully rolled out
daemon set "gpu-simulator" successfully rolled out
waiting for a node to advertise nvidia.com/gpu...
  node advertises nvidia.com/gpu=2
+ k get nodes -o custom-columns=NODE:.metadata.name,GPU:.status.allocatable.nvidia\.com/gpu
NODE                    GPU
m6clean-control-plane   2
m6clean-worker          2
m6clean-worker2         2
admission: no MLTrainingJob validating webhook on this cluster -- submissions are not validated,
           so the GPU quota guard is not part of what this run demonstrates

===== 5. apply gpu ResourceFlavor, tenant namespaces, and two GPUQuotaPolicy =====
+ k apply -f config/kueue/namespaces.yaml
namespace/tenant-a created
namespace/tenant-b created
+ k apply -f config/kueue/resourceflavor.yaml
Warning: This version is deprecated. Use v1beta2 instead.
resourceflavor.kueue.x-k8s.io/gpu created
gpuquotapolicy.platform.lkhun9311.github.io/tenant-a-quota created
+ applied GPUQuotaPolicy tenant-a-quota (ceiling 1)
gpuquotapolicy.platform.lkhun9311.github.io/tenant-b-quota created
+ applied GPUQuotaPolicy tenant-b-quota (ceiling 1)
waiting for the operator to create both ClusterQueues with nominal quota 1...
  both ClusterQueues present, nominal quota 1 each, cohort total 2
+ k get clusterqueue -o custom-columns=NAME:.metadata.name,COHORT:.spec.cohortName,NOMINAL:.spec.resourceGroups[0].flavors[0].resources[0].nominalQuota,RECLAIM:.spec.preemption.reclaimWithinCohort
NAME           COHORT         NOMINAL   RECLAIM
gpu-tenant-a   gpu-platform   1         Any
gpu-tenant-b   gpu-platform   1         Any
+ k get localqueue -A
NAMESPACE   NAME           CLUSTERQUEUE   PENDING WORKLOADS   ADMITTED WORKLOADS
tenant-a    gpu-tenant-a   gpu-tenant-a   0                   0
tenant-b    gpu-tenant-b   gpu-tenant-b   0                   0
+ k get resourcequota -A
No resources found

===== 6. FAIR SHARING: two tenant-a jobs while tenant-b is idle =====
clearing any MLTrainingJobs from a previous run so the demo starts from an empty cohort...
No resources found
No resources found
  all Workloads cleared
a1 uses tenant-a's own nominal unit; a2 borrows tenant-b's idle unit from the cohort.
mltrainingjob.platform.lkhun9311.github.io/a1 created
+ submitted MLTrainingJob tenant-a/a1 (queue gpu-tenant-a)
mltrainingjob.platform.lkhun9311.github.io/a2 created
+ submitted MLTrainingJob tenant-a/a2 (queue gpu-tenant-a)
  tenant-a/a1 reached phase Running after 9s
  tenant-a/a2 reached phase Running after 0s

[EVIDENCE] fair sharing: tenant-a borrows past its nominal (a1 + a2 both Running)
--- MLTrainingJob phases ---
NS         NAME   PHASE
tenant-a   a1     Running
tenant-a   a2     Running
--- Workloads (admitted) ---
NS         NAME           QUEUE          ADMITTED
tenant-a   job-a1-3bfc4   gpu-tenant-a   True
tenant-a   job-a2-872e8   gpu-tenant-a   True
--- ClusterQueue usage ---
NAME           COHORT         PENDING   ADMITTED
gpu-tenant-a   gpu-platform   0         2
gpu-tenant-b   gpu-platform   0         0

===== 7. PREEMPTION: tenant-b reclaims its nominal unit =====
b1 makes tenant-b claim its own unit; reclaimWithinCohort=Any preempts the borrowed tenant-a job.
mltrainingjob.platform.lkhun9311.github.io/b1 created
+ submitted MLTrainingJob tenant-b/b1 (queue gpu-tenant-b)
  tenant-b/b1 reached phase Running after 6s
waiting for a borrowed tenant-a job to be preempted back to Pending...
  [EVIDENCE] preemption: tenant-a/a2 was reclaimed back to Pending after b1 admitted

[EVIDENCE] preemption result
--- MLTrainingJob phases ---
NS         NAME   PHASE
tenant-a   a1     Running
tenant-a   a2     Pending
tenant-b   b1     Running
--- Workloads (admitted) ---
NS         NAME           QUEUE          ADMITTED
tenant-a   job-a1-3bfc4   gpu-tenant-a   True
tenant-a   job-a2-872e8   gpu-tenant-a   False
tenant-b   job-b1-e1360   gpu-tenant-b   True
--- ClusterQueue usage ---
NAME           COHORT         PENDING   ADMITTED
gpu-tenant-a   gpu-platform   1         1
gpu-tenant-b   gpu-platform   0         1

--- recent Kueue / preemption events ---
+ k get events -A --field-selector reason=Preempted
NAMESPACE   LAST SEEN   TYPE     REASON      OBJECT                  MESSAGE
tenant-a    6s          Normal   Preempted   workload/job-a2-872e8   Preempted to accommodate a workload (UID: d327b214-5523-4ac0-a0c8-18d9fd61049c, JobUID: cd576f99-5968-483a-b71e-1927c9b6db72) due to reclamation within the cohort; preemptor path: /gpu-platform/gpu-tenant-b; preemptee path: /gpu-platform/gpu-tenant-a; preemptor effective priority: 0 (base: 0, boost: 0); preemptee effective priority: 0 (base: 0, boost: 0)
+ k -n tenant-a get events --sort-by=.lastTimestamp
LAST SEEN   TYPE      REASON                  OBJECT                  MESSAGE
15s         Normal    CreatedWorkload         job/a2                  Created Workload: tenant-a/job-a2-872e8
5s          Warning   Pending                 workload/job-a2-872e8   couldn't assign flavors to pod set main: insufficient unused quota for nvidia.com/gpu in flavor gpu, 1 more needed
6s          Warning   Pending                 workload/job-a2-872e8   couldn't assign flavors to pod set main: insufficient unused quota for nvidia.com/gpu in flavor gpu, 1 more needed
6s          Warning   Pending                 workload/job-a2-872e8   Workload no longer fits after processing another workload
6s          Normal    Preempted               workload/job-a2-872e8   Preempted to accommodate a workload (UID: d327b214-5523-4ac0-a0c8-18d9fd61049c, JobUID: cd576f99-5968-483a-b71e-1927c9b6db72) due to reclamation within the cohort; preemptor path: /gpu-platform/gpu-tenant-b; preemptee path: /gpu-platform/gpu-tenant-a; preemptor effective priority: 0 (base: 0, boost: 0); preemptee effective priority: 0 (base: 0, boost: 0)
6s          Normal    EvictedDueToPreempted   workload/job-a2-872e8   Preempted to accommodate a workload (UID: d327b214-5523-4ac0-a0c8-18d9fd61049c, JobUID: cd576f99-5968-483a-b71e-1927c9b6db72) due to reclamation within the cohort; preemptor path: /gpu-platform/gpu-tenant-b; preemptee path: /gpu-platform/gpu-tenant-a
15s         Normal    CreatedWorkload         job/a1                  Created Workload: tenant-a/job-a1-3bfc4
15s         Normal    Started                 job/a1                  Admitted by clusterQueue gpu-tenant-a
15s         Normal    Admitted                workload/job-a2-872e8   Admitted by ClusterQueue gpu-tenant-a, wait time since reservation was 0s
15s         Normal    QuotaReserved           workload/job-a2-872e8   Quota reserved in ClusterQueue gpu-tenant-a, wait time since queued was 0s
15s         Normal    Admitted                workload/job-a1-3bfc4   Admitted by ClusterQueue gpu-tenant-a, wait time since reservation was 0s
15s         Normal    QuotaReserved           workload/job-a1-3bfc4   Quota reserved in ClusterQueue gpu-tenant-a, wait time since queued was 0s; Flavors considered: main: gpu(Fit;borrow=1)
6s          Normal    Stopped                 job/a2                  Preempted to accommodate a workload (UID: d327b214-5523-4ac0-a0c8-18d9fd61049c, JobUID: cd576f99-5968-483a-b71e-1927c9b6db72) due to reclamation within the cohort; preemptor path: /gpu-platform/gpu-tenant-b; preemptee path: /gpu-platform/gpu-tenant-a
15s         Normal    Started                 job/a2                  Admitted by clusterQueue gpu-tenant-a
15s         Normal    SuccessfulCreate        job/a1                  Created pod: a1-qqgkc
15s         Normal    Pulling                 pod/a2-74h8j            Pulling image "busybox:1.36"
15s         Normal    Pulling                 pod/a1-qqgkc            Pulling image "busybox:1.36"
15s         Normal    Suspended               job/a1                  Job suspended
15s         Normal    Scheduled               pod/a1-qqgkc            Successfully assigned tenant-a/a1-qqgkc to m6clean-worker2
15s         Normal    SuccessfulCreate        job/a2                  Created pod: a2-74h8j
15s         Normal    Resumed                 job/a2                  Job resumed
15s         Normal    Resumed                 job/a1                  Job resumed
15s         Normal    Scheduled               pod/a2-74h8j            Successfully assigned tenant-a/a2-74h8j to m6clean-worker2
11s         Normal    Pulled                  pod/a2-74h8j            Successfully pulled image "busybox:1.36" in 3.554s (3.554s including waiting). Image size: 2217006 bytes.
11s         Normal    Created                 pod/a2-74h8j            Created container trainer
11s         Normal    Started                 pod/a2-74h8j            Started container trainer
10s         Normal    Started                 pod/a1-qqgkc            Started container trainer
10s         Normal    Created                 pod/a1-qqgkc            Created container trainer
10s         Normal    Pulled                  pod/a1-qqgkc            Successfully pulled image "busybox:1.36" in 1.102s (4.607s including waiting). Image size: 2217006 bytes.
6s          Normal    Killing                 pod/a2-74h8j            Stopping container trainer
6s          Normal    SuccessfulDelete        job/a2                  Deleted pod: a2-74h8j
6s          Normal    Suspended               job/a2                  Job suspended

===== DONE =====
Cluster 'm6clean' left running for inspection. Tear down with: kind delete cluster --name m6clean
