== adopt cluster context kind-m6clean
== create the run's namespace
== create the target
== build and load the stub
== wait for the platform to report it Ready
target phase: Ready
== create the WorkloadRun
== build and start the recorder
== inject: delete the serving Pod
deleting m7-target-764b4978b-xhng5
COMPLETE verdict=Recovered reason=observed Ready at 20s, within the declared 45s
== the recorder wrote to stderr
  2026-09-30T13:18:34+09:00	INFO	Complete	{"run": "m7/fr002", "verdict": "Recovered"}
== the trail
Complete verdict=Recovered recoveredAt=20s
  0s Ready healthy=true
  10s Pending healthy=false
  20s Ready healthy=true
== M7 OK: a real Pod deletion produced a real transition in a trail nobody wrote by hand.
== KEEP set: leaving everything in place
